Traceback (most recent call last):
  File "/Library/Developer/CommandLineTools/Library/Frameworks/Python3.framework/Versions/3.9/lib/python3.9/runpy.py", line 197, in _run_module_as_main
    return _run_code(code, main_globals, None,
  File "/Library/Developer/CommandLineTools/Library/Frameworks/Python3.framework/Versions/3.9/lib/python3.9/runpy.py", line 87, in _run_code
    exec(code, run_globals)
  File "/Library/Developer/CommandLineTools/Library/Frameworks/Python3.framework/Versions/3.9/lib/python3.9/http/server.py", line 1297, in <module>
    test(
  File "/Library/Developer/CommandLineTools/Library/Frameworks/Python3.frame::1 - - [04/Jul/2026 14:29:20] "GET / HTTP/1.1" 304 -
::1 - - [04/Jul/2026 14:29:20] "GET /styles.css HTTP/1.1" 200 -
::1 - - [04/Jul/2026 14:29:20] "GET /app.js HTTP/1.1" 304 -
::1 - - [04/Jul/2026 14:29:20] "GET /data/transmissoes.json HTTP/1.1" 200 -
::1 - - [04/Jul/2026 14:29:27] "GET / HTTP/1.1" 200 -
::1 - - [04/Jul/2026 14:29:27] "GET /styles.css HTTP/1.1" 200 -
::1 - - [04/Jul/2026 14:29:27] "GET /app.js HTTP/1.1" 200 -
::1 - - [04/Jul/2026 14:29:27] "GET /data/transmissoes.json HTTP/1.1" 200 -
::1 - - [04/Jul/2026 14:29:27] code 404, message File not found
::1 - - [04/Jul/2026 14:29:27] "GET /favicon.ico HTTP/1.1" 404 -
::1 - - [04/Jul/2026 14:33:27] "GET / HTTP/1.1" 200 -
::1 - - [04/Jul/2026 14:33:27] "GET /styles.css HTTP/1.1" 200 -
::1 - - [04/Jul/2026 14:33:27] "GET /app.js HTTP/1.1" 200 -
::1 - - [04/Jul/2026 14:33:27] "GET /data/transmissoes.json HTTP/1.1" 200 -
::1 - - [04/Jul/2026 14:33:28] code 404, message File not found
::1 - - [04/Jul/2026 14:33:28] "GET /favicon.ico HTTP/1.1" 404 -
::1 - - [04/Jul/2026 14:34:38] "GET / HTTP/1.1" 200 -
::1 - - [04/Jul/2026 14:34:38] "GET /styles.css HTTP/1.1" 200 -
::1 - - [04/Jul/2026 14:34:38] "GET /app.js HTTP/1.1" 200 -
::1 - - [04/Jul/2026 14:34:38] "GET /data/transmissoes.json HTTP/1.1" 200 -
::1 - - [04/Jul/2026 14:34:39] code 404, message File not found
::1 - - [04/Jul/2026 14:34:39] "GET /favicon.ico HTTP/1.1" 404 -
::1 - - [04/Jul/2026 14:34:50] "GET / HTTP/1.1" 200 -
::1 - - [04/Jul/2026 14:34:50] "GET /styles.css HTTP/1.1" 200 -
::1 - - [04/Jul/2026 14:34:50] "GET /app.js HTTP/1.1" 200 -
::1 - - [04/Jul/2026 14:34:50] "GET /data/transmissoes.json HTTP/1.1" 200 -
::1 - - [04/Jul/2026 14:34:51] code 404, message File not found
::1 - - [04/Jul/2026 14:34:51] "GET /favicon.ico HTTP/1.1" 404 -
::1 - - [04/Jul/2026 14:36:20] "GET / HTTP/1.1" 200 -
::1 - - [04/Jul/2026 14:36:20] "GET /styles.css HTTP/1.1" 200 -
::1 - - [04/Jul/2026 14:36:20] "GET /app.js HTTP/1.1" 200 -
::1 - - [04/Jul/2026 14:36:20] "GET /data/transmissoes.json HTTP/1.1" 200 -
::1 - - [04/Jul/2026 14:36:21] code 404, message File not found
::1 - - [04/Jul/2026 14:36:21] "GET /favicon.ico HTTP/1.1" 404 -
::1 - - [04/Jul/2026 14:38:34] "GET / HTTP/1.1" 200 -
::1 - - [04/Jul/2026 14:38:34] "GET /styles.css HTTP/1.1" 200 -
::1 - - [04/Jul/2026 14:38:34] "GET /app.js HTTP/1.1" 200 -
::1 - - [04/Jul/2026 14:38:34] "GET /data/transmissoes.json HTTP/1.1" 200 -
::1 - - [04/Jul/2026 14:38:35] code 404, message File not found
::1 - - [04/Jul/2026 14:38:35] "GET /favicon.ico HTTP/1.1" 404 -
::1 - - [04/Jul/2026 14:41:43] "GET / HTTP/1.1" 200 -
::1 - - [04/Jul/2026 14:41:43] "GET /styles.css HTTP/1.1" 200 -
::1 - - [04/Jul/2026 14:41:43] "GET /app.js HTTP/1.1" 200 -
::1 - - [04/Jul/2026 14:41:43] "GET /data/transmissoes.json HTTP/1.1" 200 -
::1 - - [04/Jul/2026 14:41:44] code 404, message File not found
::1 - - [04/Jul/2026 14:41:44] "GET /favicon.ico HTTP/1.1" 404 -
::1 - - [04/Jul/2026 14:42:00] "GET / HTTP/1.1" 200 -
::1 - - [04/Jul/2026 14:42:00] "GET /styles.css HTTP/1.1" 200 -
::1 - - [04/Jul/2026 14:42:00] "GET /app.js HTTP/1.1" 200 -
::1 - - [04/Jul/2026 14:42:00] "GET /data/transmissoes.json HTTP/1.1" 200 -
::1 - - [04/Jul/2026 14:42:02] code 404, message File not found
::1 - - [04/Jul/2026 14:42:02] "GET /favicon.ico HTTP/1.1" 404 -
::1 - - [04/Jul/2026 14:42:49] "GET / HTTP/1.1" 304 -
::1 - - [04/Jul/2026 14:42:54] "GET /styles.css HTTP/1.1" 304 -
::1 - - [04/Jul/2026 14:42:54] "GET /app.js HTTP/1.1" 304 -
::1 - - [04/Jul/2026 14:42:54] "GET /data/transmissoes.json HTTP/1.1" 200 -
::1 - - [04/Jul/2026 14:43:11] "GET /app.js HTTP/1.1" 304 -
::1 - - [04/Jul/2026 14:43:11] "GET /data/transmissoes.json HTTP/1.1" 200 -
::1 - - [04/Jul/2026 14:45:46] "GET / HTTP/1.1" 200 -
::1 - - [04/Jul/2026 14:45:46] "GET /styles.css HTTP/1.1" 200 -
::1 - - [04/Jul/2026 14:45:46] "GET /app.js HTTP/1.1" 200 -
::1 - - [04/Jul/2026 14:45:46] "GET /data/transmissoes.json HTTP/1.1" 200 -
::1 - - [04/Jul/2026 14:45:47] code 404, message File not found
::1 - - [04/Jul/2026 14:45:47] "GET /favicon.ico HTTP/1.1" 404 -
::1 - - [04/Jul/2026 14:47:25] "GET / HTTP/1.1" 200 -
::1 - - [04/Jul/2026 14:47:28] "GET /styles.css HTTP/1.1" 200 -
::1 - - [04/Jul/2026 14:47:29] "GET /app.js HTTP/1.1" 200 -
::1 - - [04/Jul/2026 14:47:29] "GET /data/transmissoes.json HTTP/1.1" 200 -
::1 - - [04/Jul/2026 14:47:31] code 404, message File not found
::1 - - [04/Jul/2026 14:47:31] "GET /favicon.ico HTTP/1.1" 404 -
::1 - - [04/Jul/2026 14:50:34] "GET /styles.css HTTP/1.1" 304 -
::1 - - [04/Jul/2026 14:50:34] "GET /app.js HTTP/1.1" 200 -
::1 - - [04/Jul/2026 14:50:34] "GET /data/transmissoes.json HTTP/1.1" 200 -
::1 - - [04/Jul/2026 14:53:07] "GET / HTTP/1.1" 304 -
::1 - - [04/Jul/2026 14:53:07] "GET /styles.css HTTP/1.1" 200 -
::1 - - [04/Jul/2026 14:53:08] "GET /app.js HTTP/1.1" 200 -
::1 - - [04/Jul/2026 14:53:08] "GET /data/transmissoes.json HTTP/1.1" 200 -
::1 - - [04/Jul/2026 14:55:24] "GET / HTTP/1.1" 304 -
::1 - - [04/Jul/2026 14:55:24] "GET / HTTP/1.1" 200 -
::1 - - [04/Jul/2026 14:55:25] "GET /styles.css HTTP/1.1" 200 -
::1 - - [04/Jul/2026 14:55:25] "GET /app.js HTTP/1.1" 200 -
::1 - - [04/Jul/2026 14:55:25] "GET /styles.css HTTP/1.1" 200 -
::1 - - [04/Jul/2026 14:55:25] "GET /app.js HTTP/1.1" 200 -
::1 - - [04/Jul/2026 14:55:25] "GET /data/transmissoes.json HTTP/1.1" 200 -
::1 - - [04/Jul/2026 14:55:27] code 404, message File not found
::1 - - [04/Jul/2026 14:55:27] "GET /favicon.ico HTTP/1.1" 404 -
::1 - - [04/Jul/2026 15:00:07] "GET / HTTP/1.1" 304 -
::1 - - [04/Jul/2026 15:00:07] "GET /styles.css HTTP/1.1" 200 -
::1 - - [04/Jul/2026 15:00:08] "GET /app.js HTTP/1.1" 200 -
::1 - - [04/Jul/2026 15:00:08] "GET /data/transmissoes.json HTTP/1.1" 200 -
::1 - - [04/Jul/2026 15:05:32] "GET / HTTP/1.1" 200 -
::1 - - [04/Jul/2026 15:05:32] "GET /styles.css HTTP/1.1" 200 -
::1 - - [04/Jul/2026 15:05:32] "GET /app.js HTTP/1.1" 200 -
::1 - - [04/Jul/2026 15:05:33] code 404, message File not found
::1 - - [04/Jul/2026 15:05:33] "GET /favicon.ico HTTP/1.1" 404 -
::1 - - [04/Jul/2026 15:06:38] "GET / HTTP/1.1" 200 -
::1 - - [04/Jul/2026 15:06:38] "GET /styles.css HTTP/1.1" 200 -
::1 - - [04/Jul/2026 15:06:38] "GET /app.js HTTP/1.1" 200 -
::1 - - [04/Jul/2026 15:06:39] code 404, message File not found
::1 - - [04/Jul/2026 15:06:39] "GET /favicon.ico HTTP/1.1" 404 -
::1 - - [04/Jul/2026 15:07:41] "GET / HTTP/1.1" 200 -
::1 - - [04/Jul/2026 15:07:41] "GET /styles.css HTTP/1.1" 200 -
::1 - - [04/Jul/2026 15:07:41] "GET /app.js HTTP/1.1" 200 -
::1 - - [04/Jul/2026 15:07:41] "GET /data/transmissoes.json HTTP/1.1" 200 -
::1 - - [04/Jul/2026 15:07:41] code 404, message File not found
::1 - - [04/Jul/2026 15:07:41] "GET /favicon.ico HTTP/1.1" 404 -
::1 - - [04/Jul/2026 15:08:26] "GET / HTTP/1.1" 200 -
::1 - - [04/Jul/2026 15:08:26] "GET /styles.css HTTP/1.1" 200 -
::1 - - [04/Jul/2026 15:08:26] "GET /app.js HTTP/1.1" 200 -
::1 - - [04/Jul/2026 15:08:26] "GET /data/transmissoes.json HTTP/1.1" 200 -
::1 - - [04/Jul/2026 15:08:27] code 404, message File not found
::1 - - [04/Jul/2026 15:08:27] "GET /favicon.ico HTTP/1.1" 404 -
::1 - - [04/Jul/2026 15:09:08] "GET / HTTP/1.1" 200 -
::1 - - [04/Jul/2026 15:09:08] "GET /styles.css HTTP/1.1" 200 -
::1 - - [04/Jul/2026 15:09:08] "GET /app.js HTTP/1.1" 200 -
::1 - - [04/Jul/2026 15:09:08] "GET /data/transmissoes.json HTTP/1.1" 200 -
::1 - - [04/Jul/2026 15:09:10] code 404, message File not found
::1 - - [04/Jul/2026 15:09:10] "GET /favicon.ico HTTP/1.1" 404 -
::1 - - [04/Jul/2026 15:09:52] "GET / HTTP/1.1" 200 -
::1 - - [04/Jul/2026 15:09:53] "GET /styles.css HTTP/1.1" 200 -
::1 - - [04/Jul/2026 15:09:53] "GET /app.js HTTP/1.1" 200 -
::1 - - [04/Jul/2026 15:09:53] "GET /data/transmissoes.json HTTP/1.1" 200 -
::1 - - [04/Jul/2026 15:09:54] code 404, message File not found
::1 - - [04/Jul/2026 15:09:54] "GET /favicon.ico HTTP/1.1" 404 -
::1 - - [04/Jul/2026 15:22:25] "GET / HTTP/1.1" 200 -
::1 - - [04/Jul/2026 15:22:25] "GET /styles.css HTTP/1.1" 200 -
::1 - - [04/Jul/2026 15:22:26] "GET /app.js HTTP/1.1" 200 -
::1 - - [04/Jul/2026 15:22:26] "GET /data/transmissoes.json HTTP/1.1" 200 -
::1 - - [04/Jul/2026 15:22:27] code 404, message File not found
::1 - - [04/Jul/2026 15:22:27] "GET /favicon.ico HTTP/1.1" 404 -
::1 - - [04/Jul/2026 15:24:18] "GET / HTTP/1.1" 200 -
::1 - - [04/Jul/2026 15:24:19] "GET /styles.css HTTP/1.1" 200 -
::1 - - [04/Jul/2026 15:24:19] "GET /app.js HTTP/1.1" 200 -
::1 - - [04/Jul/2026 15:24:19] "GET /data/transmissoes.json HTTP/1.1" 200 -
::1 - - [04/Jul/2026 15:24:20] code 404, message File not found
::1 - - [04/Jul/2026 15:24:20] "GET /favicon.ico HTTP/1.1" 404 -
::1 - - [04/Jul/2026 15:26:46] "GET / HTTP/1.1" 200 -
::1 - - [04/Jul/2026 15:26:46] "GET /styles.css HTTP/1.1" 200 -
::1 - - [04/Jul/2026 15:26:47] "GET /app.js HTTP/1.1" 200 -
::1 - - [04/Jul/2026 15:26:47] code 404, message File not found
::1 - - [04/Jul/2026 15:26:47] "GET /favicon.ico HTTP/1.1" 404 -
::1 - - [04/Jul/2026 15:27:59] "GET / HTTP/1.1" 200 -
::1 - - [04/Jul/2026 15:27:59] "GET /styles.css HTTP/1.1" 200 -
::1 - - [04/Jul/2026 15:27:59] "GET /app.js HTTP/1.1" 200 -
::1 - - [04/Jul/2026 15:28:00] code 404, message File not found
::1 - - [04/Jul/2026 15:28:00] "GET /favicon.ico HTTP/1.1" 404 -
::1 - - [04/Jul/2026 15:28:46] "GET / HTTP/1.1" 200 -
::1 - - [04/Jul/2026 15:28:46] "GET /styles.css HTTP/1.1" 200 -
::1 - - [04/Jul/2026 15:28:46] "GET /app.js HTTP/1.1" 200 -
::1 - - [04/Jul/2026 15:28:46] "GET /data/country_coords.json HTTP/1.1" 200 -
::1 - - [04/Jul/2026 15:28:46] "GET /data/transmissoes.json HTTP/1.1" 200 -
::1 - - [04/Jul/2026 15:28:47] code 404, message File not found
::1 - - [04/Jul/2026 15:28:47] "GET /favicon.ico HTTP/1.1" 404 -
::1 - - [04/Jul/2026 15:32:04] "GET / HTTP/1.1" 200 -
::1 - - [04/Jul/2026 15:32:04] "GET /styles.css HTTP/1.1" 200 -
::1 - - [04/Jul/2026 15:32:05] "GET /app.js HTTP/1.1" 200 -
::1 - - [04/Jul/2026 15:32:05] "GET /data/country_coords.json HTTP/1.1" 200 -
::1 - - [04/Jul/2026 15:32:05] "GET /data/transmissoes.json HTTP/1.1" 200 -
::1 - - [04/Jul/2026 15:32:06] code 404, message File not found
::1 - - [04/Jul/2026 15:32:06] "GET /favicon.ico HTTP/1.1" 404 -
::1 - - [04/Jul/2026 15:34:01] "GET / HTTP/1.1" 200 -
::1 - - [04/Jul/2026 15:34:01] "GET /styles.css HTTP/1.1" 200 -
::1 - - [04/Jul/2026 15:34:02] "GET /app.js HTTP/1.1" 200 -
::1 - - [04/Jul/2026 15:34:02] "GET /data/country_coords.json HTTP/1.1" 200 -
::1 - - [04/Jul/2026 15:34:02] "GET /data/transmissoes.json HTTP/1.1" 200 -
::1 - - [04/Jul/2026 15:34:03] code 404, message File not found
::1 - - [04/Jul/2026 15:34:03] "GET /favicon.ico HTTP/1.1" 404 -
::1 - - [04/Jul/2026 15:35:14] "GET / HTTP/1.1" 200 -
::1 - - [04/Jul/2026 15:35:14] "GET /styles.css HTTP/1.1" 200 -
::1 - - [04/Jul/2026 15:35:14] "GET /app.js HTTP/1.1" 200 -
::1 - - [04/Jul/2026 15:35:14] "GET /data/country_coords.json HTTP/1.1" 200 -
::1 - - [04/Jul/2026 15:35:14] "GET /data/transmissoes.json HTTP/1.1" 200 -
::1 - - [04/Jul/2026 15:35:16] code 404, message File not found
::1 - - [04/Jul/2026 15:35:16] "GET /favicon.ico HTTP/1.1" 404 -
::1 - - [04/Jul/2026 15:36:37] "GET / HTTP/1.1" 200 -
::1 - - [04/Jul/2026 15:36:37] "GET /styles.css HTTP/1.1" 200 -
::1 - - [04/Jul/2026 15:36:37] "GET /app.js HTTP/1.1" 200 -
::1 - - [04/Jul/2026 15:36:37] "GET /data/country_coords.json HTTP/1.1" 200 -
::1 - - [04/Jul/2026 15:36:37] "GET /data/transmissoes.json HTTP/1.1" 200 -
::1 - - [04/Jul/2026 15:36:39] code 404, message File not found
::1 - - [04/Jul/2026 15:36:39] "GET /favicon.ico HTTP/1.1" 404 -
::1 - - [04/Jul/2026 15:41:44] "GET / HTTP/1.1" 200 -
::1 - - [04/Jul/2026 15:41:44] "GET /styles.css HTTP/1.1" 200 -
::1 - - [04/Jul/2026 15:41:44] "GET /app.js HTTP/1.1" 200 -
::1 - - [04/Jul/2026 15:41:44] "GET /data/country_coords.json HTTP/1.1" 200 -
::1 - - [04/Jul/2026 15:41:44] "GET /data/transmissoes.json HTTP/1.1" 200 -
::1 - - [04/Jul/2026 15:41:47] code 404, message File not found
::1 - - [04/Jul/2026 15:41:47] "GET /favicon.ico HTTP/1.1" 404 -
::1 - - [04/Jul/2026 15:42:09] "GET / HTTP/1.1" 200 -
::1 - - [04/Jul/2026 15:42:09] "GET /styles.css HTTP/1.1" 200 -
::1 - - [04/Jul/2026 15:42:09] "GET /app.js HTTP/1.1" 200 -
::1 - - [04/Jul/2026 15:42:09] "GET /data/country_coords.json HTTP/1.1" 200 -
::1 - - [04/Jul/2026 15:42:09] "GET /data/transmissoes.json HTTP/1.1" 200 -
::1 - - [04/Jul/2026 15:42:10] code 404, message File not found
::1 - - [04/Jul/2026 15:42:10] "GET /favicon.ico HTTP/1.1" 404 -
::1 - - [04/Jul/2026 15:43:04] "GET / HTTP/1.1" 200 -
::1 - - [04/Jul/2026 15:43:04] "GET /styles.css HTTP/1.1" 200 -
::1 - - [04/Jul/2026 15:43:04] "GET /app.js HTTP/1.1" 200 -
::1 - - [04/Jul/2026 15:43:04] "GET /data/country_coords.json HTTP/1.1" 200 -
::1 - - [04/Jul/2026 15:43:04] "GET /data/transmissoes.json HTTP/1.1" 200 -
::1 - - [04/Jul/2026 15:43:05] code 404, message File not found
::1 - - [04/Jul/2026 15:43:05] "GET /favicon.ico HTTP/1.1" 404 -
::1 - - [04/Jul/2026 15:45:12] "GET / HTTP/1.1" 200 -
::1 - - [04/Jul/2026 15:45:12] "GET /styles.css HTTP/1.1" 200 -
::1 - - [04/Jul/2026 15:45:12] "GET /app.js HTTP/1.1" 200 -
::1 - - [04/Jul/2026 15:45:13] "GET /data/country_coords.json HTTP/1.1" 200 -
::1 - - [04/Jul/2026 15:45:13] "GET /data/transmissoes.json HTTP/1.1" 200 -
::1 - - [04/Jul/2026 15:45:13] code 404, message File not found
::1 - - [04/Jul/2026 15:45:13] "GET /favicon.ico HTTP/1.1" 404 -
::1 - - [04/Jul/2026 15:47:08] "GET / HTTP/1.1" 200 -
::1 - - [04/Jul/2026 15:47:08] "GET /styles.css HTTP/1.1" 200 -
::1 - - [04/Jul/2026 15:47:08] "GET /app.js HTTP/1.1" 200 -
::1 - - [04/Jul/2026 15:47:08] "GET /data/country_coords.json HTTP/1.1" 200 -
::1 - - [04/Jul/2026 15:47:08] "GET /data/transmissoes.json HTTP/1.1" 200 -
::1 - - [04/Jul/2026 15:47:09] code 404, message File not found
::1 - - [04/Jul/2026 15:47:09] "GET /favicon.ico HTTP/1.1" 404 -
::1 - - [04/Jul/2026 15:47:58] "GET / HTTP/1.1" 200 -
::1 - - [04/Jul/2026 15:47:59] "GET /styles.css HTTP/1.1" 200 -
::1 - - [04/Jul/2026 15:47:59] "GET /app.js HTTP/1.1" 200 -
::1 - - [04/Jul/2026 15:47:59] "GET /data/country_coords.json HTTP/1.1" 200 -
::1 - - [04/Jul/2026 15:47:59] "GET /data/transmissoes.json HTTP/1.1" 200 -
::1 - - [04/Jul/2026 15:47:59] code 404, message File not found
::1 - - [04/Jul/2026 15:47:59] "GET /favicon.ico HTTP/1.1" 404 -
::1 - - [04/Jul/2026 15:48:27] "GET / HTTP/1.1" 304 -
::1 - - [04/Jul/2026 15:48:27] "GET /styles.css HTTP/1.1" 200 -
::1 - - [04/Jul/2026 15:48:27] "GET /app.js HTTP/1.1" 304 -
::1 - - [04/Jul/2026 15:48:27] "GET /data/transmissoes.json HTTP/1.1" 200 -
::1 - - [04/Jul/2026 15:48:28] "GET / HTTP/1.1" 200 -
::1 - - [04/Jul/2026 15:48:28] "GET /styles.css HTTP/1.1" 200 -
::1 - - [04/Jul/2026 15:48:28] "GET /app.js HTTP/1.1" 200 -
::1 - - [04/Jul/2026 15:48:29] "GET /data/country_coords.json HTTP/1.1" 200 -
::1 - - [04/Jul/2026 15:48:29] "GET /data/transmissoes.json HTTP/1.1" 200 -
::1 - - [04/Jul/2026 15:48:29] code 404, message File not found
::1 - - [04/Jul/2026 15:48:29] "GET /favicon.ico HTTP/1.1" 404 -
::1 - - [04/Jul/2026 15:50:11] "GET / HTTP/1.1" 200 -
::1 - - [04/Jul/2026 15:50:11] "GET /styles.css HTTP/1.1" 200 -
::1 - - [04/Jul/2026 15:50:11] "GET /app.js HTTP/1.1" 200 -
::1 - - [04/Jul/2026 15:50:11] "GET /data/country_coords.json HTTP/1.1" 200 -
::1 - - [04/Jul/2026 15:50:12] "GET /data/transmissoes.json HTTP/1.1" 200 -
::1 - - [04/Jul/2026 15:50:12] code 404, message File not found
::1 - - [04/Jul/2026 15:50:12] "GET /favicon.ico HTTP/1.1" 404 -
